// Jest Snapshot v1, https://goo.gl/fbAQLP

exports[`check snapshot render snapshot 1`] = `
<div>
  <h2
    style="text-align: center;"
  >
     Nasa Asteroid Detail App 
  </h2>
  <span
    class="MuiCircularProgress-root MuiCircularProgress-indeterminate MuiCircularProgress-colorPrimary css-18lrjg1-MuiCircularProgress-root"
    role="progressbar"
    style="width: 80px; height: 80px; margin-left: 50%;"
  >
    <svg
      class="MuiCircularProgress-svg css-1idz92c-MuiCircularProgress-svg"
      viewBox="22 22 44 44"
    >
      <circle
        class="MuiCircularProgress-circle MuiCircularProgress-circleIndeterminate css-176wh8e-MuiCircularProgress-circle"
        cx="44"
        cy="44"
        fill="none"
        r="20.2"
        stroke-width="3.6"
      />
    </svg>
  </span>
</div>
`;
